doi: 10.1101/single-revision-round.123.456.7890
review_process:
- author_reply:
    authors:
    - affiliation: /
      given_name: Jane
      is_corresponding_author: true
      orcid:
        id: https://orcid.org/0000-0012-3456-7890
        is_authenticated: true
      surname: Doe
    - affiliation: /
      given_name: John
      is_corresponding_author: false
      orcid: null
      surname: Doe
    doi: 10.15252/rc.2020123456
    publication_date: 2020-10-20 00:00:00
    text: {}
  reviews:
  - authors: []
    doi: 10.15252/rc.2020123456
    publication_date: 2020-10-20 00:00:00
    text:
      Estimated time to Complete Revisions (Required): Cannot tell / Not applicable
      Significance (Required): Lorem ipsum dolor sit amet.
  - authors: []
    doi: 10.15252/rc.2020123456
    publication_date: 2020-10-20 00:00:00
    text:
      Estimated time to Complete Revisions (Required): Between 3 and 6 months
      Evidence, reproducibility and clarity (Required): 'Summary: this is a test'
      Significance (Required): 'Signification: also a test'
title: An article with a single revision round.
