<doi_batch xmlns="http://www.crossref.org/schema/5.3.1" xmlns:xsi="http://www.w3.org/2001/XMLSchema-instance" version="5.3.1" xsi:schemaLocation="http://www.crossref.org/schema/5.3.1 http://www.crossref.org/schemas/crossref5.3.1.xsd">
  <head>
    <doi_batch_id>0000</doi_batch_id>
    <timestamp>0</timestamp>
    <depositor>
      <depositor_name>EMBO</depositor_name>
      <email_address>eidens@embl.de</email_address>
    </depositor>
    <registrant>EMBO</registrant>
  </head>
  <body>
    <peer_review revision-round="0" type="referee-report">
      <contributors>
        <anonymous sequence="first" contributor_role="author"></anonymous>
      </contributors>
      <titles>
        <title>Peer Review of A Signaling Pathway to Detect and Repair the leaky Gut barrier: 
Implications in Aging and Cancer</title>
      </titles>
      <review_date>
        <month>07</month>
        <day>25</day>
        <year>2019</year>
      </review_date>
      <institution>
        <institution_name>Review Commons</institution_name>
      </institution>
      <running_number>1</running_number>
      <rel:program xmlns:rel="http://www.crossref.org/relations.xsd">
        <rel:related_item>
          <rel:inter_work_relation relationship-type="isReviewOf" identifier-type="doi">10.1101/2022.02.15.480564</rel:inter_work_relation>
        </rel:related_item>
      </rel:program>
      <doi_data>
        <doi>10.15252/rc.201900481.rev0.rr1</doi>
        <resource>https://eeb.embo.org/doi/10.1101/2022.02.15.480564#rev0-rr1</resource>
      </doi_data>
    </peer_review>
    <peer_review revision-round="0" type="referee-report">
      <contributors>
        <anonymous sequence="first" contributor_role="author"></anonymous>
      </contributors>
      <titles>
        <title>Peer Review of A Signaling Pathway to Detect and Repair the leaky Gut barrier: 
Implications in Aging and Cancer</title>
      </titles>
      <review_date>
        <month>12</month>
        <day>21</day>
        <year>2020</year>
      </review_date>
      <institution>
        <institution_name>Review Commons</institution_name>
      </institution>
      <running_number>2</running_number>
      <rel:program xmlns:rel="http://www.crossref.org/relations.xsd">
        <rel:related_item>
          <rel:inter_work_relation relationship-type="isReviewOf" identifier-type="doi">10.1101/2022.02.15.480564</rel:inter_work_relation>
        </rel:related_item>
      </rel:program>
      <doi_data>
        <doi>10.15252/rc.201900481.rev0.rr2</doi>
        <resource>https://eeb.embo.org/doi/10.1101/2022.02.15.480564#rev0-rr2</resource>
      </doi_data>
    </peer_review>
  </body>
</doi_batch>